// Jest Snapshot v1, https://goo.gl/fbAQLP

exports[`components > SearchContainer should render with given state from Redux store 1`] = `
<form>
  <div
    className="inline-block relative w-64"
  >
    <select
      className="block appearance-none w-full rounded bg-teal-300 border border-gray-200 shadow-lg text-indigo-700 hover:text-white py-3 px-4 pr-8 rounded leading-tight focus:outline-none focus:bg-white focus:border-gray-500 focus:text-black"
      onChange={[Function]}
    >
      <option
        className=""
        value="GRD"
      >
        Groland
      </option>
    </select>
    <div
      className="pointer-events-none absolute inset-y-0 right-0 flex items-center px-2 text-gray-700"
    >
      <svg
        className="fill-current h-4 w-4"
        viewBox="0 0 20 20"
        xmlns="http://www.w3.org/2000/svg"
      >
        <path
          d="M9.293 12.95l.707.707L15.657 8l-1.414-1.414L10 10.828 5.757 6.586 4.343 8z"
        />
      </svg>
    </div>
  </div>
</form>
`;
